
> bubu@0.1.0 build
> react-scripts build

Creating an optimized production build...
Compiled with warnings.

[eslint] 
src\App.js
  Line 11:7:   'MET_DATE' is assigned a value but never used                                                                                                                                      no-unused-vars
  Line 21:7:   'AVATARS' is assigned a value but never used                                                                                                                                       no-unused-vars
  Line 639:9:  The 'goNext' function makes the dependencies of useCallback Hook (at line 656) change on every render. To fix this, wrap the definition of 'goNext' in its own useCallback() Hook  react-hooks/exhaustive-deps

src\components\FinalCollage.js
  Line 1:27:  'useEffect' is defined but never used  no-unused-vars

Search for the keywords to learn more about each warning.
To ignore, add // eslint-disable-next-line to the line before.

File sizes after gzip:

  91.7 kB  build\static\js\main.f55d09ac.js
  5.04 kB  build\static\css\main.7144418f.css

The project was built assuming it is hosted at /.
You can control this with the homepage field in your package.json.

The build folder is ready to be deployed.
You may serve it with a static server:

  npm install -g serve
  serve -s build

Find out more about deployment here:

  https://cra.link/deployment

